WARNING:root:partitioning library failed to load, multicore disabled
======================================================================
SYNAPSE BYPASS DIAGNOSTIC
Test rows (HBM row addresses): [32768, 32769, 32770, 32771, 32778, 33768, 132768, 1783566, 7035768]
======================================================================

--- STEP 1: Existing HBM at synapse rows (via bypass) ---
  Row 32768: ff ff ff ff ff ff ff ff ff ff ff ff ff ff ff ff ...
  Row 32769: ff ff ff ff ff ff ff ff ff ff ff ff ff ff ff ff ...
  Row 32770: ff ff ff ff ff ff ff ff ff ff ff ff ff ff ff ff ...
  Row 32771: ff ff ff ff ff ff ff ff ff ff ff ff ff ff ff ff ...
  Row 32778: ff ff ff ff ff ff ff ff ff ff ff ff ff ff ff ff ...
  Row 33768: ff ff ff ff ff ff ff ff ff ff ff ff ff ff ff ff ...
  Row 132768: ff ff ff ff ff ff ff ff ff ff ff ff ff ff ff ff ...
  Row 1783566: ff ff ff ff ff ff ff ff ff ff ff ff ff ff ff ff ...
  Row 7035768: ff ff ff ff ff ff ff ff ff ff ff ff ff ff ff ff ...

--- STEP 2: Write unique markers via bypass ---
  Row 32768: marker[0:8]=[90, 91, 88, 89, 94, 95, 92, 93], ec=0
  Row 32769: marker[0:8]=[91, 88, 89, 94, 95, 92, 93, 82], ec=0
  Row 32770: marker[0:8]=[88, 89, 94, 95, 92, 93, 82, 83], ec=0
  Row 32771: marker[0:8]=[89, 94, 95, 92, 93, 82, 83, 80], ec=0
  Row 32778: marker[0:8]=[80, 81, 86, 87, 84, 85, 74, 75], ec=0
  Row 33768: marker[0:8]=[178, 179, 176, 177, 182, 183, 180, 181], ec=0
  Row 132768: marker[0:8]=[250, 251, 248, 249, 254, 255, 252, 253], ec=0
  Row 1783566: marker[0:8]=[84, 85, 74, 75, 72, 73, 78, 79], ec=0
  Row 7035768: marker[0:8]=[34, 35, 32, 33, 38, 39, 36, 37], ec=0

--- STEP 3: Read back via bypass ---
  Row 32768: MISMATCH
      expected: 5a 5b 58 59 5e 5f 5c 5d 52 53 50 51 56 57 54 55 ...
      got:      ff ff ff ff ff ff ff ff ff ff ff ff ff ff ff ff ...
  Row 32769: MISMATCH
      expected: 5b 58 59 5e 5f 5c 5d 52 53 50 51 56 57 54 55 4a ...
      got:      ff ff ff ff ff ff ff ff ff ff ff ff ff ff ff ff ...
  Row 32770: MISMATCH
      expected: 58 59 5e 5f 5c 5d 52 53 50 51 56 57 54 55 4a 4b ...
      got:      ff ff ff ff ff ff ff ff ff ff ff ff ff ff ff ff ...
  Row 32771: MISMATCH
      expected: 59 5e 5f 5c 5d 52 53 50 51 56 57 54 55 4a 4b 48 ...
      got:      ff ff ff ff ff ff ff ff ff ff ff ff ff ff ff ff ...
  Row 32778: MISMATCH
      expected: 50 51 56 57 54 55 4a 4b 48 49 4e 4f 4c 4d 42 43 ...
      got:      ff ff ff ff ff ff ff ff ff ff ff ff ff ff ff ff ...
  Row 33768: MISMATCH
      expected: b2 b3 b0 b1 b6 b7 b4 b5 aa ab a8 a9 ae af ac ad ...
      got:      ff ff ff ff ff ff ff ff ff ff ff ff ff ff ff ff ...
  Row 132768: MISMATCH
      expected: fa fb f8 f9 fe ff fc fd f2 f3 f0 f1 f6 f7 f4 f5 ...
      got:      ff ff ff ff ff ff ff ff ff ff ff ff ff ff ff ff ...
  Row 1783566: MISMATCH
      expected: 54 55 4a 4b 48 49 4e 4f 4c 4d 42 43 40 41 46 47 ...
      got:      ff ff ff ff ff ff ff ff ff ff ff ff ff ff ff ff ...
  Row 7035768: MISMATCH
      expected: 22 23 20 21 26 27 24 25 da db d8 d9 de df dc dd ...
      got:      ff ff ff ff ff ff ff ff ff ff ff ff ff ff ff ff ...

--- STEP 4: Read back via stream path (CMD_HBM_RW read) ---
  Row 32768: MISMATCH
      expected: 5a 5b 58 59 5e 5f 5c 5d 52 53 50 51 56 57 54 55 ...
      got:      00 80 80 05 0c 80 80 05 18 80 80 05 24 80 80 05 ...
  Row 32769: MISMATCH
      expected: 5b 58 59 5e 5f 5c 5d 52 53 50 51 56 57 54 55 4a ...
      got:      60 80 80 05 6c 80 80 05 78 80 80 05 84 80 80 05 ...
  Row 32770: MISMATCH
      expected: 58 59 5e 5f 5c 5d 52 53 50 51 56 57 54 55 4a 4b ...
      got:      c0 80 80 05 cc 80 80 05 d8 80 80 05 e4 80 80 05 ...
  Row 32771: MISMATCH
      expected: 59 5e 5f 5c 5d 52 53 50 51 56 57 54 55 4a 4b 48 ...
      got:      20 81 80 05 2c 81 80 05 38 81 80 05 44 81 80 00 ...
  Row 32778: MISMATCH
      expected: 50 51 56 57 54 55 4a 4b 48 49 4e 4f 4c 4d 42 43 ...
      got:      76 81 80 05 82 81 80 05 8e 81 80 05 9a 81 80 05 ...
  Row 33768: MISMATCH
      expected: b2 b3 b0 b1 b6 b7 b4 b5 aa ab a8 a9 ae af ac ad ...
      got:      d6 81 80 05 e2 81 80 05 ee 81 80 05 fa 81 80 05 ...
  Row 132768: MISMATCH
      expected: fa fb f8 f9 fe ff fc fd f2 f3 f0 f1 f6 f7 f4 f5 ...
      got:      36 82 80 05 42 82 80 05 4e 82 80 05 5a 82 80 05 ...
  Row 1783566: MISMATCH
      expected: 54 55 4a 4b 48 49 4e 4f 4c 4d 42 43 40 41 46 47 ...
      got:      8c 82 80 05 98 82 80 05 a4 82 80 05 b0 82 80 05 ...
  Row 7035768: MISMATCH
      expected: 22 23 20 21 26 27 24 25 da db d8 d9 de df dc dd ...
      got:      ec 82 80 05 f8 82 80 05 04 83 80 05 10 83 80 05 ...

--- STEP 5: Bulk write 32 MB (crosses CHUNK boundary) ---
  Writing 32 MB at offset 0x71A800 in 16 MB chunks...
  Bulk write complete.
  Spot-check rows within bulk write:
    bulk_offset=      0 (row=232768): b0=ff b1=ff b2=ff b3=ff (expected 00 00 ca fe)  MISMATCH
    bulk_offset=    100 (row=232868): b0=ff b1=ff b2=ff b3=ff (expected 64 00 ca fe)  MISMATCH
    bulk_offset= 250000 (row=482768): b0=ff b1=ff b2=ff b3=ff (expected 90 d0 ca fe)  MISMATCH
    bulk_offset= 524288 (row=757056): b0=ff b1=ff b2=ff b3=ff (expected 00 00 ca fe)  MISMATCH
    bulk_offset= 524289 (row=757057): b0=ff b1=ff b2=ff b3=ff (expected 01 00 ca fe)  MISMATCH
    bulk_offset=1000000 (row=1232768): b0=ff b1=ff b2=ff b3=ff (expected 40 42 ca fe)  MISMATCH
    bulk_offset=1048575 (row=1281343): b0=ff b1=ff b2=ff b3=ff (expected ff ff ca fe)  MISMATCH

======================================================================
SUMMARY
======================================================================
Step 3 (bypass readback):   0/9 rows OK
Step 4 (stream readback):   0/9 rows OK
Step 5 (bulk spot checks):  0/7 rows OK

>>> CONCLUSION: Bypass writes are NOT persisting. Check ADXDMA_WriteWindow flush / preferredSize / window address mapping.

>>> ALSO: chunked bulk write has problems (rows on the far side of the 16 MB chunk boundary failed). The create_synapses_bypass chunking is the suspect.
======================================================================
