#-----------------------------------------------------------
# Vivado v2024.1 (64-bit)
# SW Build 5076996 on Wed May 22 18:36:09 MDT 2024
# IP Build 5075265 on Wed May 22 21:45:21 MDT 2024
# SharedData Build 5076995 on Wed May 22 18:29:18 MDT 2024
# Start of session at: Wed Jul 22 16:12:00 2026
# Process ID: 48275
# Current directory: /home/omowuyi/testing/hs_api
# Command line: vivado -mode batch -source /bitstreams/progbit.tcl
# Log file: /home/omowuyi/testing/hs_api/vivado.log
# Journal file: /home/omowuyi/testing/hs_api/vivado.jou
# Running On        :crisdsc0.ucsd.edu
# Platform          :Rocky
# Operating System  :Rocky Linux release 8.10 (Green Obsidian)
# Processor Detail  :AMD EPYC 7452 32-Core Processor
# CPU Frequency     :2350.000 MHz
# CPU Physical cores:64
# CPU Logical cores :128
# Host memory       :1081498 MB
# Swap memory       :0 MB
# Total Virtual     :1081498 MB
# Available Virtual :1075318 MB
#-----------------------------------------------------------
source /bitstreams/progbit.tcl
# open_hw_manager
open_hw_manager: Time (s): cpu = 00:00:08 ; elapsed = 00:00:08 . Memory (MB): peak = 1654.008 ; gain = 67.828 ; free physical = 1022483 ; free virtual = 1025158
# connect_hw_server -url localhost:3121
INFO: [Labtools 27-2285] Connecting to hw_server url TCP:localhost:3121
INFO: [Labtools 27-2222] Launching hw_server...
INFO: [Labtools 27-2221] Launch Output:

****** Xilinx hw_server v2024.1
  **** Build date : May 22 2024 at 19:19:01
    ** Copyright 1986-2022 Xilinx, Inc. All Rights Reserved.


INFO: [Labtools 27-3415] Connecting to cs_server url TCP:localhost:0
INFO: [Labtools 27-3417] Launching cs_server...
INFO: [Labtools 27-2221] Launch Output:
Cannot send datagram packet to /0.0.0.255
OSError: [Errno 22] Invalid argument
  File "chipscopy/tcf/services/local/LocatorService.py", line 705, in __sendDatagramPacket


******** Xilinx cs_server v2024.1.0
  ****** Build date   : Apr 26 2024-18:40:49
    **** Build number : 2024.1.1714182049
      ** Copyright 2017-2022 Xilinx, Inc. All Rights Reserved.
      ** Copyright 2022-2026 Advanced Micro Devices, Inc. All Rights Reserved.



# set_property PARAM.FREQUENCY 5000000 [get_hw_targets */xilinx_tcf/Digilent/210308B09B70]
# open_hw_target
INFO: [Labtoolstcl 44-466] Opening hw_target localhost:3121/xilinx_tcf/Digilent/210308B09B70
# set_property PROGRAM.FILE {single_core_conductance_STDP.bit} [lindex [get_hw_devices xcvu37p_0] 0]
ERROR: [Labtools 27-2149] File single_core_conductance_STDP.bit not found. Check file name and file permissions.
INFO: [Common 17-206] Exiting Vivado at Wed Jul 22 16:12:17 2026...
